******************************************************************************
                  TI ARM Linker PC v5.2.2                      
******************************************************************************
>> Linked Fri May 29 16:41:18 2020

OUTPUT FILE NAME:   <SM.out>
ENTRY POINT SYMBOL: "_c_int00"  address: 00000a81


MEMORY CONFIGURATION

         name            origin    length      used     unused   attr    fill
----------------------  --------  ---------  --------  --------  ----  --------
  FLASH                 00000000   00008000  00000d52  000072ae  R  X
  SRAM                  20000000   00003000  00000224  00002ddc  RW X


SEGMENT ALLOCATION MAP

run origin  load origin   length   init length attrs members
----------  ----------- ---------- ----------- ----- -------
00000000    00000000    00000d58   00000d58    r-x
  00000000    00000000    0000026c   0000026c    r-- .intvecs
  0000026c    0000026c    00000a42   00000a42    r-x .text
  00000cb0    00000cb0    0000006c   0000006c    r-- .const
  00000d20    00000d20    00000038   00000038    r-- .cinit
20000000    20000000    00000224   00000000    rw-
  20000000    20000000    00000200   00000000    rw- .stack
  20000200    20000200    00000014   00000000    rw- .data
  20000214    20000214    00000010   00000000    rw- .bss


SECTION ALLOCATION MAP

 output                                  attributes/
section   page    origin      length       input sections
--------  ----  ----------  ----------   ----------------
.intvecs   0    00000000    0000026c     
                  00000000    0000026c     lm4f120b2qr_startup_ccs.obj (.intvecs)

.text      0    0000026c    00000a42     
                  0000026c    00000224     State.obj (.text)
                  00000490    00000132     driverlib.lib : gpio.obj (.text:GPIOPadConfigSet)
                  000005c2    00000002     --HOLE-- [fill = 0]
                  000005c4    00000110                   : sysctl.obj (.text:SysCtlClockGet)
                  000006d4    000000f4                   : sysctl.obj (.text:SysCtlClockSet)
                  000007c8    0000009c     rtsv7M4_T_le_v4SPD16_eabi.lib : memcpy_t2.obj (.text)
                  00000864    0000007a                                   : memset_t2.obj (.text)
                  000008de    00000002     --HOLE-- [fill = 0]
                  000008e0    00000078     GPIO.obj (.text)
                  00000958    0000006c     rtsv7M4_T_le_v4SPD16_eabi.lib : autoinit.obj (.text)
                  000009c4    0000006a                                   : copy_decompress_rle.obj (.text)
                  00000a2e    00000002     --HOLE-- [fill = 0]
                  00000a30    00000050     main.obj (.text)
                  00000a80    00000050     rtsv7M4_T_le_v4SPD16_eabi.lib : boot.obj (.text)
                  00000ad0    0000004c                                   : cpy_tbl.obj (.text)
                  00000b1c    00000044                                   : exit.obj (.text)
                  00000b60    00000034     driverlib.lib : sysctl.obj (.text:SysCtlPeripheralEnable)
                  00000b94    0000002a                   : gpio.obj (.text:GPIODirModeSet)
                  00000bbe    00000018                   : gpio.obj (.text:GPIOPinTypeGPIOOutput)
                  00000bd6    00000002     --HOLE-- [fill = 0]
                  00000bd8    00000018     rtsv7M4_T_le_v4SPD16_eabi.lib : args_main.obj (.text)
                  00000bf0    00000014     driverlib.lib : systick.obj (.text:SysTickEnable)
                  00000c04    00000014                   : systick.obj (.text:SysTickIntEnable)
                  00000c18    00000014     rtsv7M4_T_le_v4SPD16_eabi.lib : _lock.obj (.text)
                  00000c2c    00000012     driverlib.lib : gpio.obj (.text:GPIOPinTypeGPIOInput)
                  00000c3e    00000010                   : interrupt.obj (.text:IntMasterEnable)
                  00000c4e    00000002     --HOLE-- [fill = 0]
                  00000c50    00000010                   : systick.obj (.text:SysTickPeriodSet)
                  00000c60    0000000e     rtsv7M4_T_le_v4SPD16_eabi.lib : copy_decompress_none.obj (.text:decompress:none)
                  00000c6e    0000000c     driverlib.lib : cpu.obj (.text:CPUcpsie)
                  00000c7a    0000000c     rtsv7M4_T_le_v4SPD16_eabi.lib : copy_zero_init.obj (.text:decompress:ZI)
                  00000c86    0000000c     lm4f120b2qr_startup_ccs.obj (.text)
                  00000c92    00000006     driverlib.lib : gpio.obj (.text:GPIOPinRead)
                  00000c98    00000006                   : gpio.obj (.text:GPIOPinWrite)
                  00000c9e    00000006                   : sysctl.obj (.text:SysCtlDelay)
                  00000ca4    00000006     rtsv7M4_T_le_v4SPD16_eabi.lib : copy_decompress_rle.obj (.text:decompress:rle24)
                  00000caa    00000004                                   : pre_init.obj (.text)

.const     0    00000cb0    0000006c     
                  00000cb0    0000006c     driverlib.lib : sysctl.obj (.const:g_pui32Xtals)

.cinit     0    00000d20    00000038     
                  00000d20    0000000f     (.cinit..data.load) [load image, compression = rle]
                  00000d2f    00000001     --HOLE-- [fill = 0]
                  00000d30    0000000c     (__TI_handler_table)
                  00000d3c    00000004     --HOLE-- [fill = 0]
                  00000d40    00000008     (.cinit..bss.load) [load image, compression = zero_init]
                  00000d48    00000010     (__TI_cinit_table)

.init_array 
*          0    00000000    00000000     UNINITIALIZED

.stack     0    20000000    00000200     UNINITIALIZED
                  20000000    00000200     --HOLE--

.data      0    20000200    00000014     UNINITIALIZED
                  20000200    00000008     rtsv7M4_T_le_v4SPD16_eabi.lib : _lock.obj (.data)
                  20000208    00000008                                   : exit.obj (.data)
                  20000210    00000004                                   : stkdepth_vars.obj (.data)

.bss       0    20000214    00000010     UNINITIALIZED
                  20000214    00000004     (.common:doorTimerCount)
                  20000218    00000004     (.common:ledTimerCount)
                  2000021c    00000004     (.common:motionTimerCount)
                  20000220    00000001     (.common:doorState)
                  20000221    00000001     (.common:ledState)
                  20000222    00000001     (.common:mnt)
                  20000223    00000001     (.common:motionState)

.TI.persistent 
*          0    20000200    00000000     UNINITIALIZED

.TI.noinit 
*          0    20000214    00000000     UNINITIALIZED


LINKER GENERATED COPY TABLES

__TI_cinit_table @ 00000d48 records: 2, size/record: 8, table size: 16
	.data: load addr=00000d20, load size=0000000f bytes, run addr=20000200, run size=00000014 bytes, compression=rle
	.bss: load addr=00000d40, load size=00000008 bytes, run addr=20000214, run size=00000010 bytes, compression=zero_init


LINKER GENERATED HANDLER TABLE

__TI_handler_table @ 00000d30 records: 3, size/record: 4, table size: 12
	index: 0, handler: __TI_decompress_rle24
	index: 1, handler: __TI_decompress_none
	index: 2, handler: __TI_zero_init


GLOBAL SYMBOLS: SORTED ALPHABETICALLY BY Name 

address   name                    
-------   ----                    
00000b1d  C$$EXIT                 
00000c6f  CPUcpsie                
0000090f  Config_LED_G            
000008e1  Config_LED_R            
0000092b  Config_SWITCH           
00000b95  GPIODirModeSet          
00000491  GPIOPadConfigSet        
00000c93  GPIOPinRead             
00000c2d  GPIOPinTypeGPIOInput    
00000bbf  GPIOPinTypeGPIOOutput   
00000c99  GPIOPinWrite            
00000c3f  IntMasterEnable         
00000c87  ResetISR                
UNDEFED   SHT$$INIT_ARRAY$$Base   
UNDEFED   SHT$$INIT_ARRAY$$Limit  
000005c5  SysCtlClockGet          
000006d5  SysCtlClockSet          
00000c9f  SysCtlDelay             
00000b61  SysCtlPeripheralEnable  
00000bf1  SysTickEnable           
00000c05  SysTickIntEnable        
00000441  SysTickIntHandler       
00000c51  SysTickPeriodSet        
20000200  __STACK_END             
00000200  __STACK_SIZE            
20000200  __STACK_TOP             
00000d48  __TI_CINIT_Base         
00000d58  __TI_CINIT_Limit        
00000d30  __TI_Handler_Table_Base 
00000d3c  __TI_Handler_Table_Limit
00000959  __TI_auto_init          
20000208  __TI_cleanup_ptr        
00000c61  __TI_decompress_none    
00000ca5  __TI_decompress_rle24   
2000020c  __TI_dtors_ptr          
00000000  __TI_static_base__      
00000c7b  __TI_zero_init          
00000865  __aeabi_memclr          
00000865  __aeabi_memclr4         
00000865  __aeabi_memclr8         
000007c9  __aeabi_memcpy          
000007c9  __aeabi_memcpy4         
000007c9  __aeabi_memcpy8         
00000867  __aeabi_memset          
00000867  __aeabi_memset4         
00000867  __aeabi_memset8         
ffffffff  __binit__               
ffffffff  __c_args__              
20000000  __stack                 
00000bd9  _args_main              
00000a81  _c_int00                
20000200  _lock                   
00000c27  _nop                    
00000c1f  _register_lock          
00000c19  _register_unlock        
00000cab  _system_pre_init        
20000204  _unlock                 
00000b21  abort                   
ffffffff  binit                   
00000ad1  copy_in                 
0000042f  doorCtrl                
0000032b  doorStateMachineUpdate  
00000b29  exit                    
00000000  g_pfnVectors            
0000041f  initDoorState           
00000427  initLedState            
00000417  initmotionState         
000003a9  ledStateMachineUpdate   
00000a31  main                    
20000210  main_func_sp            
000007c9  memcpy                  
0000086d  memset                  
0000026d  motionSensor            
00000281  motionStateMachineUpdate


GLOBAL SYMBOLS: SORTED BY Symbol Address 

address   name                    
-------   ----                    
00000000  __TI_static_base__      
00000000  g_pfnVectors            
00000200  __STACK_SIZE            
0000026d  motionSensor            
00000281  motionStateMachineUpdate
0000032b  doorStateMachineUpdate  
000003a9  ledStateMachineUpdate   
00000417  initmotionState         
0000041f  initDoorState           
00000427  initLedState            
0000042f  doorCtrl                
00000441  SysTickIntHandler       
00000491  GPIOPadConfigSet        
000005c5  SysCtlClockGet          
000006d5  SysCtlClockSet          
000007c9  __aeabi_memcpy          
000007c9  __aeabi_memcpy4         
000007c9  __aeabi_memcpy8         
000007c9  memcpy                  
00000865  __aeabi_memclr          
00000865  __aeabi_memclr4         
00000865  __aeabi_memclr8         
00000867  __aeabi_memset          
00000867  __aeabi_memset4         
00000867  __aeabi_memset8         
0000086d  memset                  
000008e1  Config_LED_R            
0000090f  Config_LED_G            
0000092b  Config_SWITCH           
00000959  __TI_auto_init          
00000a31  main                    
00000a81  _c_int00                
00000ad1  copy_in                 
00000b1d  C$$EXIT                 
00000b21  abort                   
00000b29  exit                    
00000b61  SysCtlPeripheralEnable  
00000b95  GPIODirModeSet          
00000bbf  GPIOPinTypeGPIOOutput   
00000bd9  _args_main              
00000bf1  SysTickEnable           
00000c05  SysTickIntEnable        
00000c19  _register_unlock        
00000c1f  _register_lock          
00000c27  _nop                    
00000c2d  GPIOPinTypeGPIOInput    
00000c3f  IntMasterEnable         
00000c51  SysTickPeriodSet        
00000c61  __TI_decompress_none    
00000c6f  CPUcpsie                
00000c7b  __TI_zero_init          
00000c87  ResetISR                
00000c93  GPIOPinRead             
00000c99  GPIOPinWrite            
00000c9f  SysCtlDelay             
00000ca5  __TI_decompress_rle24   
00000cab  _system_pre_init        
00000d30  __TI_Handler_Table_Base 
00000d3c  __TI_Handler_Table_Limit
00000d48  __TI_CINIT_Base         
00000d58  __TI_CINIT_Limit        
20000000  __stack                 
20000200  __STACK_END             
20000200  __STACK_TOP             
20000200  _lock                   
20000204  _unlock                 
20000208  __TI_cleanup_ptr        
2000020c  __TI_dtors_ptr          
20000210  main_func_sp            
ffffffff  __binit__               
ffffffff  __c_args__              
ffffffff  binit                   
UNDEFED   SHT$$INIT_ARRAY$$Base   
UNDEFED   SHT$$INIT_ARRAY$$Limit  

[74 symbols]
